Loading dataset from dataset_sinBB.pkl …

Dataset: 1900 samples × 24 features, 19 classes
   0  LAG_St0.0_TG768  (100 samples)
   1  MR_St0.76_TG768  (100 samples)
   2  MR_St3.2_TG768  (100 samples)
   3  MR_St8.89_TG768  (100 samples)
   4  NLD_St8.89_TG768  (100 samples)
   5  NLD_St312_TG768  (100 samples)
   6  ONLD_St3.2_TG768  (100 samples)
   7  ONLD_St8.89_TG768  (100 samples)
   8  ONLD_St35.6_TG768  (100 samples)
   9  ONLD_St312_TG768  (100 samples)
  10  FAX_St8.89_TG768  (100 samples)
  11  HPP_St0.1_RND512  (100 samples)
  12  HPP_St0.6_RND512  (100 samples)
  13  HPP_St1_RND512  (100 samples)
  14  HPP_St4_RND512  (100 samples)
  15  ONLD_St0.1_RND512  (100 samples)
  16  ONLD_St1_RND512  (100 samples)
  17  ONLD_St20_RND512  (100 samples)
  18  ONLD_St100_RND512  (100 samples)

Cross-validating (5-fold stratified) …

── Classification report ──────────────────────────────────────────────────
                   precision    recall  f1-score   support

  LAG_St0.0_TG768       0.94      0.93      0.93       100
  MR_St0.76_TG768       0.96      0.97      0.97       100
   MR_St3.2_TG768       0.92      0.90      0.91       100
  MR_St8.89_TG768       0.99      1.00      1.00       100
 NLD_St8.89_TG768       0.90      0.91      0.91       100
  NLD_St312_TG768       1.00      1.00      1.00       100
 ONLD_St3.2_TG768       1.00      1.00      1.00       100
ONLD_St8.89_TG768       1.00      1.00      1.00       100
ONLD_St35.6_TG768       1.00      1.00      1.00       100
 ONLD_St312_TG768       1.00      1.00      1.00       100
 FAX_St8.89_TG768       1.00      1.00      1.00       100
 HPP_St0.1_RND512       0.96      0.93      0.94       100
 HPP_St0.6_RND512       1.00      1.00      1.00       100
   HPP_St1_RND512       1.00      1.00      1.00       100
   HPP_St4_RND512       1.00      1.00      1.00       100
ONLD_St0.1_RND512       0.93      0.96      0.95       100
  ONLD_St1_RND512       1.00      1.00      1.00       100
 ONLD_St20_RND512       1.00      1.00      1.00       100
ONLD_St100_RND512       1.00      1.00      1.00       100

         accuracy                           0.98      1900
        macro avg       0.98      0.98      0.98      1900
     weighted avg       0.98      0.98      0.98      1900

Confusion matrix → model_sinBB.confusion.png

Fitting final model on full dataset …

── Top 20 features ───────────────────────────────────────────────────────
   1. s2_l00                          0.0746
   2. s2_l02                          0.0700
   3. acc_variance                    0.0694
   4. s4_l02                          0.0650
   5. s4_l01                          0.0633
   6. s4_l00                          0.0629
   7. s2_l01                          0.0619
   8. s2_l03                          0.0505
   9. acc_flatness                    0.0504
  10. vacf_l01                        0.0501
  11. vacf_l00                        0.0474
  12. s4_l03                          0.0431
  13. msd_l00                         0.0396
  14. vacf_l02                        0.0374
  15. vacf_l03                        0.0362
  16. msd_l01                         0.0314
  17. vel_variance                    0.0306
  18. s4_l04                          0.0286
  19. s2_l04                          0.0263
  20. msd_l03                         0.0183
Feature importances → model_sinBB.importances.png
Model saved → model_sinBB.pkl
